// Vitest Snapshot v1

exports[`relative 1`] = `undefined`;
